error: `args` is incompatible with `calc` and `try_calc`
 --> tests/ui/args_calc_conflict.rs:5:5
  |
5 | /     #[br(args(()), calc(None))]
6 | |     a: Option<u8>,
  | |_________________^
