error: `repr` and `magic` are mutually exclusive
 --> tests/ui/repr_magic_conflict.rs:4:13
  |
4 |   #[br(repr = u8)]
  |  _____________^
5 | | enum Foo {
6 | |     #[br(magic = 0u8)] A,
  | |______________^
