
 ╺━━━━━━━━━━━━━━━━━━━━┅ Backtrace ┅━━━━━━━━━━━━━━━━━━━━╸

 0: [1m[1mError: failed to fill whole buffer[22m
           [1mlen = 6[22m[22m
     at binrw/tests/error/backtrace_2.rs:10
  ┄───╮
    9 |  [38;5;197m#[39m[38;5;197m[[39m[38;5;197mbr[39m[38;5;197m([39m[38;5;197mcount[39m = len, [38;5;197merr_context[39m([38;5;228m"len = {}"[39m, len)[38;5;197m)[39m[38;5;197m][39m
   [1m10[0m [1m⎬[0m  [1mitems: [0m[1m[38;5;197mVec[39m[0m[1m<[0m[1m[38;5;197mu32[39m[0m[1m>[0m
  ┄───╯
 1: [1mWhile parsing the innerest most struct[22m
     at binrw/tests/error/backtrace_2.rs:17
  ┄───╮
   15 |  [38;5;197m#[39m[38;5;197m[[39m[38;5;197mbr[39m[38;5;197m([39m[38;5;197mlittle[39m[38;5;197m)[39m[38;5;197m][39m
   16 |  [38;5;197m#[39m[38;5;197m[[39m[38;5;197mbr[39m[38;5;197m([39m[38;5;197merr_context[39m([38;5;228m"While parsing the innerest most struct"[39m)[38;5;197m)[39m[38;5;197m][39m
   [1m17[0m [1m⎬[0m  [1m_inner: InnerMostStruct[0m
  ┄───╯
 2: [1mWhile parsing field '_middle' in OutermostStruct[22m
     at binrw/tests/error/backtrace_2.rs:23
  ┄───╮
   22 |  [38;5;197m#[39m[38;5;197m[[39m[38;5;197mbr[39m[38;5;197m([39m[38;5;197mlittle[39m[38;5;197m)[39m[38;5;197m][39m
   [1m23[0m [1m⎬[0m  [1m_middle: MiddleStruct[0m
  ┄───╯

 ╺━━━━━━━━━━━━━━━━━━━━━━━━━━━━━━━━━━━━━━━━━━━━━━━━━━━━━╸

